Defined {value: "Specified(10)", stdout: "", blocked: "false"}
