Defined {value: "Specified(100)", stdout: "", blocked: "false"}
