Defined {value: "Specified(25)", stdout: "", blocked: "false"}
CONSTRS ==> []
Log[0]

End[0]
