BEGIN EXEC[0]
Undefined {id: [UB036_exceptional_condition]}
END EXEC[0]
