Defined {value: "Specified(13)", stdout: "", blocked: "false"}
