Defined {value: "Specified(160)", stdout: "", stderr: "", blocked: "false"}
