Defined {value: "Specified(18)", stdout: "", blocked: "false"}
CONSTRS ==> []
Log[0]

End[0]
