Defined {value: "Unspecified("signed int")", stdout: "", blocked: "false"}
CONSTRS ==> []
Log[0]

End[0]
