Killed {msg: memory layout error (load seq) ==> MerrReadFromDead}
CONSTRS ==> []
Log[0]

End[0]
