Defined {value: "Specified(0)", stdout: "1\n", blocked: "false"}
CONSTRS ==> []
Log[0]

End[0]
