y1[0][0] = 1, y1[0][1] = 3, y1[0][2] = 5
y1[1][0] = 2, y1[1][1] = 4, y1[1][2] = 6
y1[2][0] = 3, y1[2][1] = 5, y1[2][2] = 7
y2[0][0] = 1, y2[0][1] = 3, y2[0][2] = 5
y2[1][0] = 2, y2[1][1] = 4, y2[1][2] = 6
y2[2][0] = 3, y2[2][1] = 5, y2[2][2] = 7
