Defined {value: "Specified(192)", stdout: "", stderr: "", blocked: "false"}
