Defined {value: "Specified(86)", stdout: "", stderr: "", blocked: "false"}
