Defined {value: "Specified(11)", stdout: "", stderr: "", blocked: "false"}
