Undefined {ub: "UB009_outside_lifetime", stderr: "", loc: "<other location: cherimem>"}
