Defined {value: "Specified(120)", stdout: "", stderr: "", blocked: "false"}
