Undefined {ub: "UB059_incomplete_no_linkage_identifier", stderr: "", loc: "<4:12--4:13>"}
