Defined {value: "Specified(13)", stdout: "", stderr: "", blocked: "false"}
