Defined {value: "Specified(138)", stdout: "DEBUG> 138\n", stderr: "", blocked: "false"}
