Undefined {ub: "UB036_exceptional_condition", stderr: "", loc: "<7:3--7:6>"}
