Undefined {ub: "UB004a_incorrect_main_return_type", stderr: "", loc: "<1:1--1:6>"}
