Undefined {ub: "UB004b_incorrect_main_argument1", stderr: "", loc: "<1:11--1:16>"}
