Undefined {ub: "UB004c_incorrect_main_argument2", stderr: "", loc: "<1:21--1:28>"}
