Undefined {ub: "UB204_illtyped_Static_assert", stderr: "", loc: "<2:18--2:28>"}
