Undefined {ub: "UB086_incomplete_adjusted_parameter", stderr: "", loc: "<1:20--1:21>"}
