Undefined {ub: "UB078_modified_void_parameter", stderr: "", loc: "<1:17--1:21>"}
