Undefined {ub: "UB064_modifying_const", stderr: "", loc: "<7:3--7:12>"}
