Undefined {ub: "UB043_indirection_invalid_value", stderr: "", loc: "<11:3--11:5>"}
