Undefined {ub: "UB035_unsequenced_race", stderr: "", loc: "<5:11--5:12>"}
