Undefined {id: [UB036_exceptional_condition]}
CONSTRS ==> []
Log[0]

End[0]
